
> frontend@0.1.0 build
> next build

node.exe : ÔÜá `eslint` configuration in next.config.ts is no 
longer supported. See more info here: https://nextjs.org/docs/
app/api-reference/cli/next#next-lint-options
En línea: 1 Carácter: 1
+ & "C:\Program Files\nodejs/node.exe" "C:\Program 
Files\nodejs/node_mo ...
+ ~~~~~~~~~~~~~~~~~~~~~~~~~~~~~~~~~~~~~~~~~~~~~~~~~~~~~~~~~~~~
~~~~~~~~~
    + CategoryInfo          : NotSpecified: (ÔÜá `eslint` co. 
   ..xt-lint-options:String) [], RemoteException
    + FullyQualifiedErrorId : NativeCommandError
 
ÔÜá Invalid next.config.ts options detected: 
ÔÜá     Unrecognized key(s) in object: 'eslint'
ÔÜá See more info here: 
https://nextjs.org/docs/messages/invalid-next-config
ÔÜá Warning: Next.js inferred your workspace root, but it may 
not be correct.
 We detected multiple lockfiles and selected the directory of 
E:\no borrar\fulbitoo\package-lock.json as the root directory.
 To silence this warning, set `turbopack.root` in your 
Next.js config, or consider removing one of the lockfiles if 
it's not needed.
   See https://nextjs.org/docs/app/api-reference/config/next-c
onfig-js/turbopack#root-directory for more information.
 Detected additional lockfiles: 
   * E:\no borrar\fulbitoo\frontend\package-lock.json

Ôû▓ Next.js 16.1.4 (Turbopack)
- Environments: .env.local
- Experiments (use with caution):
  ┬À optimizePackageImports

ÔÜá The "middleware" file convention is deprecated. Please 
use "proxy" instead. Learn more: 
https://nextjs.org/docs/messages/middleware-to-proxy
  Creating an optimized production build ...

> Build error occurred
Error: Turbopack build failed with 1 errors:
./frontend/src/components/perfil/BuildXI.tsx:6:1
Module not found: Can't resolve 'react-dnd-backend'
[0m [90m 4 |[39m [36mimport[39m { motion } 
[36mfrom[39m [32m'framer-motion'[39m
 [90m 5 |[39m [36mimport[39m { 
[33mDndProvider[39m[33m,[39m useDrag[33m,[39m useDrop } 
[36mfrom[39m [32m'react-dnd'[39m
[31m[1m>[22m[39m[90m 6 |[39m [36mimport[39m { 
[33mHTML5Backend[39m } [36mfrom[39m 
[32m'react-dnd-backend'[39m
 [90m   |[39m [31m[1m^[22m[39m[31m[1m^[22m[39m[31m
[1m^[22m[39m[31m[1m^[22m[39m[31m[1m^[22m[39m[31m[1
m^[22m[39m[31m[1m^[22m[39m[31m[1m^[22m[39m[31m[1m^
[22m[39m[31m[1m^[22m[39m[31m[1m^[22m[39m[31m[1m^[
22m[39m[31m[1m^[22m[39m[31m[1m^[22m[39m[31m[1m^[22
m[39m[31m[1m^[22m[39m[31m[1m^[22m[39m[31m[1m^[22m
[39m[31m[1m^[22m[39m[31m[1m^[22m[39m[31m[1m^[22m[3
9m[31m[1m^[22m[39m[31m[1m^[22m[39m[31m[1m^[22m[39m
[31m[1m^[22m[39m[31m[1m^[22m[39m[31m[1m^[22m[39m[
31m[1m^[22m[39m[31m[1m^[22m[39m[31m[1m^[22m[39m[31
m[1m^[22m[39m[31m[1m^[22m[39m[31m[1m^[22m[39m[31m
[1m^[22m[39m[31m[1m^[22m[39m[31m[1m^[22m[39m[31m[1
m^[22m[39m[31m[1m^[22m[39m[31m[1m^[22m[39m[31m[1m^
[22m[39m[31m[1m^[22m[39m[31m[1m^[22m[39m[31m[1m^[
22m[39m[31m[1m^[22m[39m[31m[1m^[22m[39m[31m[1m^[22
m[39m[31m[1m^[22m[39m[31m[1m^[22m[39m
 [90m 7 |[39m [90m// @ts-ignore[39m
 [90m 8 |[39m [36mimport[39m html2canvas [36mfrom[39m 
[32m'html2canvas'[39m
 [90m 9 |[39m [36mimport[39m { supabase } [36mfrom[39m 
[32m'@/lib/supabase'[39m[0m



Import traces:
  Client Component Browser:
    ./frontend/src/components/perfil/BuildXI.tsx [Client 
Component Browser]
    ./frontend/src/app/perfil/page.tsx [Client Component 
Browser]
    ./frontend/src/app/perfil/page.tsx [Server Component]

  Client Component SSR:
    ./frontend/src/components/perfil/BuildXI.tsx [Client 
Component SSR]
    ./frontend/src/app/perfil/page.tsx [Client Component SSR]
    ./frontend/src/app/perfil/page.tsx [Server Component]

https://nextjs.org/docs/messages/module-not-found


    at <unknown> 
(./frontend/src/components/perfil/BuildXI.tsx:6:1)
    at <unknown> 
(https://nextjs.org/docs/messages/module-not-found)
